The following values were not passed to `accelerate launch` and had defaults used instead:
	`--num_processes` was set to a value of `4`
		More than one GPU was found, enabling multi-GPU training.
		If this was unintended please pass in `--num_processes=1`.
	`--num_machines` was set to a value of `1`
	`--mixed_precision` was set to a value of `'no'`
	`--dynamo_backend` was set to a value of `'no'`
To avoid this warning pass in values for each of the problematic parameters or run `accelerate config`.
[W127 18:12:55.786810109 socket.cpp:200] [c10d] The hostname of the client socket cannot be retrieved. err=-3
[W127 18:12:55.792262369 socket.cpp:200] [c10d] The hostname of the client socket cannot be retrieved. err=-3
`torch_dtype` is deprecated! Use `dtype` instead!
`torch_dtype` is deprecated! Use `dtype` instead!
Some weights of Qwen3ForSequenceClassification were not initialized from the model checkpoint at saves/sft and are newly initialized: ['score.weight']
You should probably TRAIN this model on a down-stream task to be able to use it for predictions and inference.
Loading file: data/train_prm.jsonl ...
Traceback (most recent call last):
  File "/home/aiscuser/ProRAG/prorag/prm/train.py", line 121, in <module>
    main(args)
  File "/home/aiscuser/ProRAG/prorag/prm/train.py", line 54, in main
    dataset = load_data(args.train_data_path, tokenizer)
  File "/home/aiscuser/ProRAG/prorag/prm/train.py", line 34, in load_data
    all_data.append({
NameError: name 'all_data' is not defined
Some weights of Qwen3ForSequenceClassification were not initialized from the model checkpoint at saves/sft and are newly initialized: ['score.weight']
You should probably TRAIN this model on a down-stream task to be able to use it for predictions and inference.
Loading file: data/train_prm.jsonl ...
Traceback (most recent call last):
  File "/home/aiscuser/ProRAG/prorag/prm/train.py", line 121, in <module>
    main(args)
  File "/home/aiscuser/ProRAG/prorag/prm/train.py", line 54, in main
    dataset = load_data(args.train_data_path, tokenizer)
  File "/home/aiscuser/ProRAG/prorag/prm/train.py", line 34, in load_data
    all_data.append({
NameError: name 'all_data' is not defined
`torch_dtype` is deprecated! Use `dtype` instead!
`torch_dtype` is deprecated! Use `dtype` instead!
Some weights of Qwen3ForSequenceClassification were not initialized from the model checkpoint at saves/sft and are newly initialized: ['score.weight']
You should probably TRAIN this model on a down-stream task to be able to use it for predictions and inference.
Loading file: data/train_prm.jsonl ...
Traceback (most recent call last):
  File "/home/aiscuser/ProRAG/prorag/prm/train.py", line 121, in <module>
    main(args)
  File "/home/aiscuser/ProRAG/prorag/prm/train.py", line 54, in main
    dataset = load_data(args.train_data_path, tokenizer)
  File "/home/aiscuser/ProRAG/prorag/prm/train.py", line 34, in load_data
    all_data.append({
NameError: name 'all_data' is not defined
Some weights of Qwen3ForSequenceClassification were not initialized from the model checkpoint at saves/sft and are newly initialized: ['score.weight']
You should probably TRAIN this model on a down-stream task to be able to use it for predictions and inference.
Loading file: data/train_prm.jsonl ...
Traceback (most recent call last):
  File "/home/aiscuser/ProRAG/prorag/prm/train.py", line 121, in <module>
    main(args)
  File "/home/aiscuser/ProRAG/prorag/prm/train.py", line 54, in main
    dataset = load_data(args.train_data_path, tokenizer)
  File "/home/aiscuser/ProRAG/prorag/prm/train.py", line 34, in load_data
    all_data.append({
NameError: name 'all_data' is not defined
W0127 18:13:04.397000 93124 site-packages/torch/distributed/elastic/multiprocessing/api.py:900] Sending process 93290 closing signal SIGTERM
W0127 18:13:04.398000 93124 site-packages/torch/distributed/elastic/multiprocessing/api.py:900] Sending process 93291 closing signal SIGTERM
E0127 18:13:04.513000 93124 site-packages/torch/distributed/elastic/multiprocessing/api.py:874] failed (exitcode: 1) local_rank: 0 (pid: 93289) of binary: /opt/conda/envs/ptca/bin/python3.10
Traceback (most recent call last):
  File "/opt/conda/envs/ptca/bin/accelerate", line 7, in <module>
    sys.exit(main())
  File "/opt/conda/envs/ptca/lib/python3.10/site-packages/accelerate/commands/accelerate_cli.py", line 50, in main
    args.func(args)
  File "/opt/conda/envs/ptca/lib/python3.10/site-packages/accelerate/commands/launch.py", line 1272, in launch_command
    multi_gpu_launcher(args)
  File "/opt/conda/envs/ptca/lib/python3.10/site-packages/accelerate/commands/launch.py", line 899, in multi_gpu_launcher
    distrib_run.run(args)
  File "/opt/conda/envs/ptca/lib/python3.10/site-packages/torch/distributed/run.py", line 892, in run
    elastic_launch(
  File "/opt/conda/envs/ptca/lib/python3.10/site-packages/torch/distributed/launcher/api.py", line 143, in __call__
    return launch_agent(self._config, self._entrypoint, list(args))
  File "/opt/conda/envs/ptca/lib/python3.10/site-packages/torch/distributed/launcher/api.py", line 277, in launch_agent
    raise ChildFailedError(
torch.distributed.elastic.multiprocessing.errors.ChildFailedError: 
============================================================
prorag/prm/train.py FAILED
------------------------------------------------------------
Failures:
[1]:
  time      : 2026-01-27_18:13:04
  host      : node-0
  rank      : 3 (local_rank: 3)
  exitcode  : 1 (pid: 93292)
  error_file: <N/A>
  traceback : To enable traceback see: https://pytorch.org/docs/stable/elastic/errors.html
------------------------------------------------------------
Root Cause (first observed failure):
[0]:
  time      : 2026-01-27_18:13:04
  host      : node-0
  rank      : 0 (local_rank: 0)
  exitcode  : 1 (pid: 93289)
  error_file: <N/A>
  traceback : To enable traceback see: https://pytorch.org/docs/stable/elastic/errors.html
============================================================
